---
source: tests/integration_tests/complex_types.rs
expression: output
snapshot_kind: text
---
import { b } from '@zorsh/zorsh';

export const ItemSchema = b.struct({
    id: b.u32(),
    name: b.string()
});
export type Item = b.infer<typeof ItemSchema>;

export const InventorySchema = b.struct({
    items: b.vec(ItemSchema),
    counts: b.hashMap(b.string(), b.u32()),
    fixed_data: b.array(b.u8(), 32)
});
export type Inventory = b.infer<typeof InventorySchema>;
