---
source: tests/integration_tests/basic_types.rs
expression: output
snapshot_kind: text
---
import { b } from '@zorsh/zorsh';

export const EmptyBracesSchema = b.struct({

});
export type EmptyBraces = b.infer<typeof EmptyBracesSchema>;

export const EmptySchema = b.struct({

});
export type Empty = b.infer<typeof EmptySchema>;
